Archive member included to satisfy reference by file (symbol)

c:/program files (x86)/atmel/studio/7.0/toolchain/arm/arm-gnu-toolchain/bin/../lib/gcc/arm-none-eabi/6.2.1/../../../../arm-none-eabi/lib/thumb/v7e-m\libm.a(lib_a-s_cos.o)
                              main.o (cos)
c:/program files (x86)/atmel/studio/7.0/toolchain/arm/arm-gnu-toolchain/bin/../lib/gcc/arm-none-eabi/6.2.1/../../../../arm-none-eabi/lib/thumb/v7e-m\libm.a(lib_a-w_acos.o)
                              main.o (acos)
c:/program files (x86)/atmel/studio/7.0/toolchain/arm/arm-gnu-toolchain/bin/../lib/gcc/arm-none-eabi/6.2.1/../../../../arm-none-eabi/lib/thumb/v7e-m\libm.a(lib_a-e_acos.o)
                              c:/program files (x86)/atmel/studio/7.0/toolchain/arm/arm-gnu-toolchain/bin/../lib/gcc/arm-none-eabi/6.2.1/../../../../arm-none-eabi/lib/thumb/v7e-m\libm.a(lib_a-w_acos.o) (__ieee754_acos)
c:/program files (x86)/atmel/studio/7.0/toolchain/arm/arm-gnu-toolchain/bin/../lib/gcc/arm-none-eabi/6.2.1/../../../../arm-none-eabi/lib/thumb/v7e-m\libm.a(lib_a-e_rem_pio2.o)
                              c:/program files (x86)/atmel/studio/7.0/toolchain/arm/arm-gnu-toolchain/bin/../lib/gcc/arm-none-eabi/6.2.1/../../../../arm-none-eabi/lib/thumb/v7e-m\libm.a(lib_a-s_cos.o) (__ieee754_rem_pio2)
c:/program files (x86)/atmel/studio/7.0/toolchain/arm/arm-gnu-toolchain/bin/../lib/gcc/arm-none-eabi/6.2.1/../../../../arm-none-eabi/lib/thumb/v7e-m\libm.a(lib_a-e_sqrt.o)
                              c:/program files (x86)/atmel/studio/7.0/toolchain/arm/arm-gnu-toolchain/bin/../lib/gcc/arm-none-eabi/6.2.1/../../../../arm-none-eabi/lib/thumb/v7e-m\libm.a(lib_a-e_acos.o) (__ieee754_sqrt)
c:/program files (x86)/atmel/studio/7.0/toolchain/arm/arm-gnu-toolchain/bin/../lib/gcc/arm-none-eabi/6.2.1/../../../../arm-none-eabi/lib/thumb/v7e-m\libm.a(lib_a-k_cos.o)
                              c:/program files (x86)/atmel/studio/7.0/toolchain/arm/arm-gnu-toolchain/bin/../lib/gcc/arm-none-eabi/6.2.1/../../../../arm-none-eabi/lib/thumb/v7e-m\libm.a(lib_a-s_cos.o) (__kernel_cos)
c:/program files (x86)/atmel/studio/7.0/toolchain/arm/arm-gnu-toolchain/bin/../lib/gcc/arm-none-eabi/6.2.1/../../../../arm-none-eabi/lib/thumb/v7e-m\libm.a(lib_a-k_rem_pio2.o)
                              c:/program files (x86)/atmel/studio/7.0/toolchain/arm/arm-gnu-toolchain/bin/../lib/gcc/arm-none-eabi/6.2.1/../../../../arm-none-eabi/lib/thumb/v7e-m\libm.a(lib_a-e_rem_pio2.o) (__kernel_rem_pio2)
c:/program files (x86)/atmel/studio/7.0/toolchain/arm/arm-gnu-toolchain/bin/../lib/gcc/arm-none-eabi/6.2.1/../../../../arm-none-eabi/lib/thumb/v7e-m\libm.a(lib_a-k_sin.o)
                              c:/program files (x86)/atmel/studio/7.0/toolchain/arm/arm-gnu-toolchain/bin/../lib/gcc/arm-none-eabi/6.2.1/../../../../arm-none-eabi/lib/thumb/v7e-m\libm.a(lib_a-s_cos.o) (__kernel_sin)
c:/program files (x86)/atmel/studio/7.0/toolchain/arm/arm-gnu-toolchain/bin/../lib/gcc/arm-none-eabi/6.2.1/../../../../arm-none-eabi/lib/thumb/v7e-m\libm.a(lib_a-s_fabs.o)
                              c:/program files (x86)/atmel/studio/7.0/toolchain/arm/arm-gnu-toolchain/bin/../lib/gcc/arm-none-eabi/6.2.1/../../../../arm-none-eabi/lib/thumb/v7e-m\libm.a(lib_a-w_acos.o) (fabs)
c:/program files (x86)/atmel/studio/7.0/toolchain/arm/arm-gnu-toolchain/bin/../lib/gcc/arm-none-eabi/6.2.1/../../../../arm-none-eabi/lib/thumb/v7e-m\libm.a(lib_a-s_floor.o)
                              c:/program files (x86)/atmel/studio/7.0/toolchain/arm/arm-gnu-toolchain/bin/../lib/gcc/arm-none-eabi/6.2.1/../../../../arm-none-eabi/lib/thumb/v7e-m\libm.a(lib_a-k_rem_pio2.o) (floor)
c:/program files (x86)/atmel/studio/7.0/toolchain/arm/arm-gnu-toolchain/bin/../lib/gcc/arm-none-eabi/6.2.1/../../../../arm-none-eabi/lib/thumb/v7e-m\libm.a(lib_a-s_lib_ver.o)
                              c:/program files (x86)/atmel/studio/7.0/toolchain/arm/arm-gnu-toolchain/bin/../lib/gcc/arm-none-eabi/6.2.1/../../../../arm-none-eabi/lib/thumb/v7e-m\libm.a(lib_a-w_acos.o) (__fdlib_version)
c:/program files (x86)/atmel/studio/7.0/toolchain/arm/arm-gnu-toolchain/bin/../lib/gcc/arm-none-eabi/6.2.1/../../../../arm-none-eabi/lib/thumb/v7e-m\libm.a(lib_a-s_matherr.o)
                              c:/program files (x86)/atmel/studio/7.0/toolchain/arm/arm-gnu-toolchain/bin/../lib/gcc/arm-none-eabi/6.2.1/../../../../arm-none-eabi/lib/thumb/v7e-m\libm.a(lib_a-w_acos.o) (matherr)
c:/program files (x86)/atmel/studio/7.0/toolchain/arm/arm-gnu-toolchain/bin/../lib/gcc/arm-none-eabi/6.2.1/../../../../arm-none-eabi/lib/thumb/v7e-m\libm.a(lib_a-s_nan.o)
                              c:/program files (x86)/atmel/studio/7.0/toolchain/arm/arm-gnu-toolchain/bin/../lib/gcc/arm-none-eabi/6.2.1/../../../../arm-none-eabi/lib/thumb/v7e-m\libm.a(lib_a-w_acos.o) (nan)
c:/program files (x86)/atmel/studio/7.0/toolchain/arm/arm-gnu-toolchain/bin/../lib/gcc/arm-none-eabi/6.2.1/../../../../arm-none-eabi/lib/thumb/v7e-m\libm.a(lib_a-s_scalbn.o)
[...]
Memory Configuration

Name             Origin             Length             Attributes
rom              0x00400000         0x00080000         xr
ram              0x20000000         0x00028000         xrw
*default*        0x00000000         0xffffffff

Linker script and memory map

LOAD c:/program files (x86)/atmel/studio/7.0/toolchain/arm/arm-gnu-toolchain/bin/../lib/gcc/arm-none-eabi/6.2.1/thumb/v7e-m/crti.o
LOAD c:/program files (x86)/atmel/studio/7.0/toolchain/arm/arm-gnu-toolchain/bin/../lib/gcc/arm-none-eabi/6.2.1/thumb/v7e-m/crtbegin.o
LOAD c:/program files (x86)/atmel/studio/7.0/toolchain/arm/arm-gnu-toolchain/bin/../lib/gcc/arm-none-eabi/6.2.1/../../../../arm-none-eabi/lib/thumb/v7e-m/crt0.o
LOAD atmel_start.o
LOAD Device_Startup/startup_samg55j19.o
LOAD Device_Startup/system_samg55j19.o
LOAD driver_init.o
LOAD examples/driver_examples.o
LOAD hal/src/hal_adc_sync.o
LOAD hal/src/hal_atomic.o
LOAD hal/src/hal_delay.o
LOAD hal/src/hal_gpio.o
LOAD hal/src/hal_i2c_m_sync.o
LOAD hal/src/hal_init.o
LOAD hal/src/hal_io.o
LOAD hal/src/hal_sleep.o
LOAD hal/utils/src/utils_assert.o
LOAD hal/utils/src/utils_event.o
LOAD hal/utils/src/utils_list.o
LOAD hal/utils/src/utils_syscalls.o
LOAD hpl/adc/hpl_adc.o
LOAD hpl/core/hpl_core_m4_base.o
LOAD hpl/core/hpl_init.o
LOAD hpl/mem2mem/hpl_mem2mem.o
LOAD hpl/pmc/hpl_pmc.o
LOAD hpl/pmc/hpl_sleep.o
LOAD hpl/twi/hpl_twi.o
LOAD main.o
START GROUP
LOAD c:/program files (x86)/atmel/studio/7.0/toolchain/arm/arm-gnu-toolchain/bin/../lib/gcc/arm-none-eabi/6.2.1/../../../../arm-none-eabi/lib/thumb/v7e-m\libm.a
END GROUP
START GROUP
LOAD c:/program files (x86)/atmel/studio/7.0/toolchain/arm/arm-gnu-toolchain/bin/../lib/gcc/arm-none-eabi/6.2.1/thumb/v7e-m\libgcc.a
LOAD c:/program files (x86)/atmel/studio/7.0/toolchain/arm/arm-gnu-toolchain/bin/../lib/gcc/arm-none-eabi/6.2.1/../../../../arm-none-eabi/lib/thumb/v7e-m\libc_nano.a
END GROUP
START GROUP
LOAD c:/program files (x86)/atmel/studio/7.0/toolchain/arm/arm-gnu-toolchain/bin/../lib/gcc/arm-none-eabi/6.2.1/thumb/v7e-m\libgcc.a
LOAD c:/program files (x86)/atmel/studio/7.0/toolchain/arm/arm-gnu-toolchain/bin/../lib/gcc/arm-none-eabi/6.2.1/../../../../arm-none-eabi/lib/thumb/v7e-m\libc_nano.a
END GROUP
LOAD c:/program files (x86)/atmel/studio/7.0/toolchain/arm/arm-gnu-toolchain/bin/../lib/gcc/arm-none-eabi/6.2.1/thumb/v7e-m/crtend.o
LOAD c:/program files (x86)/atmel/studio/7.0/toolchain/arm/arm-gnu-toolchain/bin/../lib/gcc/arm-none-eabi/6.2.1/thumb/v7e-m/crtn.o
                0x00000400                STACK_SIZE = DEFINED (STACK_SIZE)?STACK_SIZE:DEFINED (__stack_size__)?__stack_size__:0x400
                0x00000200                HEAP_SIZE = DEFINED (HEAP_SIZE)?HEAP_SIZE:DEFINED (__heap_size__)?__heap_size__:0x200

.text           0x00400000     0x39a0
                0x00400000                . = ALIGN (0x4)
                0x00400000                _sfixed = .
 *(.vectors .vectors.*)
 .vectors       0x00400000      0x108 Device_Startup/startup_samg55j19.o
                0x00400000                exception_table
 *(.text .text.* .gnu.linkonce.t.*)
 .text          0x00400108       0x6c c:/program files (x86)/atmel/studio/7.0/toolchain/arm/arm-gnu-toolchain/bin/../lib/gcc/arm-none-eabi/6.2.1/thumb/v7e-m/crtbegin.o
 .text.atmel_start_init
                0x00400174        0xc atmel_start.o
                0x00400174                atmel_start_init
 .text.Dummy_Handler
                0x00400180        0x2 Device_Startup/startup_samg55j19.o
                0x00400180                FLEXCOM1_Handler
                0x00400180                SVCall_Handler
                0x00400180                TC2_Handler
                0x00400180                FLEXCOM4_Handler
                0x00400180                SysTick_Handler
                0x00400180                PendSV_Handler
                0x00400180                ADC_Handler
                0x00400180                NonMaskableInt_Handler
                0x00400180                CRCCU_Handler
                0x00400180                RTT_Handler
                0x00400180                FLEXCOM6_Handler
                0x00400180                PIOB_Handler
                0x00400180                RTC_Handler
                0x00400180                UsageFault_Handler
                0x00400180                FLEXCOM0_Handler
                0x00400180                PDMIC1_Handler
                0x00400180                WDT_Handler
                0x00400180                TC4_Handler
                0x00400180                TC1_Handler
                0x00400180                TC3_Handler
                0x00400180                Dummy_Handler
                0x00400180                PIOA_Handler
                0x00400180                MEM2MEM_Handler
                0x00400180                PMC_Handler
                0x00400180                PDMIC0_Handler
                0x00400180                SUPC_Handler
                0x00400180                UHP_Handler
                0x00400180                EFC_Handler
                0x00400180                FLEXCOM7_Handler
                0x00400180                I2SC0_Handler
                0x00400180                I2SC1_Handler
                0x00400180                FLEXCOM2_Handler
                0x00400180                UDP_Handler
                0x00400180                FLEXCOM3_Handler
                0x00400180                BusFault_Handler
                0x00400180                RSTC_Handler
                0x00400180                TC0_Handler
                0x00400180                MemoryManagement_Handler
                0x00400180                FLEXCOM5_Handler
                0x00400180                DebugMonitor_Handler
                0x00400180                TC5_Handler
 *fill*         0x00400182        0x2 
 .text.Reset_Handler
                0x00400184       0x84 Device_Startup/startup_samg55j19.o
                0x00400184                Reset_Handler
 .text.ADC_0_PORT_init
                0x00400208       0x10 driver_init.o
                0x00400208                ADC_0_PORT_init
 .text.ADC_0_CLOCK_init
                0x00400218       0x18 driver_init.o
                0x00400218                ADC_0_CLOCK_init
 .text.ADC_0_init
                0x00400230       0x14 driver_init.o
                0x00400230                ADC_0_init
 .text.I2C_0_PORT_init
                0x00400244       0x30 driver_init.o
                0x00400244                I2C_0_PORT_init
 .text.I2C_0_CLOCK_init
                0x00400274       0x18 driver_init.o
                0x00400274                I2C_0_CLOCK_init
 .text.I2C_0_init
                0x0040028c       0x14 driver_init.o
                0x0040028c                I2C_0_init
 .text.system_init
                0x004002a0       0x2c driver_init.o
                0x004002a0                system_init
 .text.adc_sync_init
                0x004002cc       0x30 hal/src/hal_adc_sync.o
                0x004002cc                adc_sync_init
 .text.adc_sync_enable_channel
                0x004002fc       0x2c hal/src/hal_adc_sync.o
                0x004002fc                adc_sync_enable_channel
 .text.adc_sync_read_channel
                0x00400328       0xa0 hal/src/hal_adc_sync.o
                0x00400328                adc_sync_read_channel
 .text.atomic_enter_critical
                0x004003c8        0xe hal/src/hal_atomic.o
                0x004003c8                atomic_enter_critical
 .text.atomic_leave_critical
                0x004003d6        0xc hal/src/hal_atomic.o
                0x004003d6                atomic_leave_critical
 *fill*         0x004003e2        0x2 
 .text.delay_ms
                0x004003e4       0x20 hal/src/hal_delay.o
                0x004003e4                delay_ms
 .text.i2c_m_sync_write
                0x00400404       0x30 hal/src/hal_i2c_m_sync.o
 .text.i2c_m_sync_read
                0x00400434       0x30 hal/src/hal_i2c_m_sync.o
 .text.i2c_m_sync_init
                0x00400464       0x40 hal/src/hal_i2c_m_sync.o
                0x00400464                i2c_m_sync_init
 .text.i2c_m_sync_enable
                0x004004a4        0xc hal/src/hal_i2c_m_sync.o
                0x004004a4                i2c_m_sync_enable
 .text.i2c_m_sync_set_slaveaddr
                0x004004b0       0x10 hal/src/hal_i2c_m_sync.o
                0x004004b0                i2c_m_sync_set_slaveaddr
 .text.i2c_m_sync_get_io_descriptor
                0x004004c0        0x8 hal/src/hal_i2c_m_sync.o
                0x004004c0                i2c_m_sync_get_io_descriptor
 .text.io_write
                0x004004c8       0x30 hal/src/hal_io.o
                0x004004c8                io_write
 .text.assert   0x004004f8        0x6 hal/utils/src/utils_assert.o
                0x004004f8                assert
 *fill*         0x004004fe        0x2 
 .text._adc_sync_init
                0x00400500       0x40 hpl/adc/hpl_adc.o
                0x00400500                _adc_sync_init
 .text._adc_sync_enable_channel
                0x00400540        0xc hpl/adc/hpl_adc.o
                0x00400540                _adc_sync_enable_channel
 .text._adc_sync_get_data_size
                0x0040054c        0x4 hpl/adc/hpl_adc.o
                0x0040054c                _adc_sync_get_data_size
 .text._adc_sync_is_channel_conversion_done
                0x00400550       0x14 hpl/adc/hpl_adc.o
                0x00400550                _adc_sync_is_channel_conversion_done
 .text._adc_sync_convert
                0x00400564        0x8 hpl/adc/hpl_adc.o
                0x00400564                _adc_sync_convert
 .text._adc_sync_read_channel_data
                0x0040056c        0xc hpl/adc/hpl_adc.o
                0x0040056c                _adc_sync_read_channel_data
 .text._get_cycles_for_ms
                0x00400578       0x20 hpl/core/hpl_core_m4_base.o
                0x00400578                _get_cycles_for_ms
 .text._delay_cycles
                0x00400598        0x6 hpl/core/hpl_core_m4_base.o
                0x00400598                _delay_cycles
 *fill*         0x0040059e        0x2 
 .text._init_chip
                0x004005a0       0x50 hpl/core/hpl_init.o
                0x004005a0                _init_chip
 .text._pmc_init
                0x004005f0       0x70 hpl/pmc/hpl_pmc.o
                0x004005f0                _pmc_init
 .text._i2c_m_sync_init
                0x00400660       0x6c hpl/twi/hpl_twi.o
                0x00400660                _i2c_m_sync_init
 .text._i2c_m_sync_enable
                0x004006cc       0x24 hpl/twi/hpl_twi.o
                0x004006cc                _i2c_m_sync_enable
 .text._i2c_m_sync_transfer
                0x004006f0      0x160 hpl/twi/hpl_twi.o
                0x004006f0                _i2c_m_sync_transfer
 .text.main     0x00400850      0xa98 main.o
                0x00400850                main
 .text.HardFault_Handler
                0x004012e8       0x10 main.o
                0x004012e8                HardFault_Handler
 .text.cos      0x004012f8       0x94 c:/program files (x86)/atmel/studio/7.0/toolchain/arm/arm-gnu-toolchain/bin/../lib/gcc/arm-none-eabi/6.2.1/../../../../arm-none-eabi/lib/thumb/v7e-m\libm.a(lib_a-s_cos.o)
                0x004012f8                cos
 .text.acos     0x0040138c       0xa8 c:/program files (x86)/atmel/studio/7.0/toolchain/arm/arm-gnu-toolchain/bin/../lib/gcc/arm-none-eabi/6.2.1/../../../../arm-none-eabi/lib/thumb/v7e-m\libm.a(lib_a-w_acos.o)
                0x0040138c                acos
 *fill*         0x00401434        0x4 
 .text.__ieee754_acos
                0x00401438      0x4a8 c:/program files (x86)/atmel/studio/7.0/toolchain/arm/arm-gnu-toolchain/bin/../lib/gcc/arm-none-eabi/6.2.1/../../../../arm-none-eabi/lib/thumb/v7e-m\libm.a(lib_a-e_acos.o)
                0x00401438                __ieee754_acos
 .text.__ieee754_rem_pio2
                0x004018e0      0x444 c:/program files (x86)/atmel/studio/7.0/toolchain/arm/arm-gnu-toolchain/bin/../lib/gcc/arm-none-eabi/6.2.1/../../../../arm-none-eabi/lib/thumb/v7e-m\libm.a(lib_a-e_rem_pio2.o)
                0x004018e0                __ieee754_rem_pio2
 .text.__ieee754_sqrt
                0x00401d24      0x178 c:/program files (x86)/atmel/studio/7.0/toolchain/arm/arm-gnu-toolchain/bin/../lib/gcc/arm-none-eabi/6.2.1/../../../../arm-none-eabi/lib/thumb/v7e-m\libm.a(lib_a-e_sqrt.o)
                0x00401d24                __ieee754_sqrt
 *fill*         0x00401e9c        0x4 
 .text.__kernel_cos
                0x00401ea0      0x248 c:/program files (x86)/atmel/studio/7.0/toolchain/arm/arm-gnu-toolchain/bin/../lib/gcc/arm-none-eabi/6.2.1/../../../../arm-none-eabi/lib/thumb/v7e-m\libm.a(lib_a-k_cos.o)
                0x00401ea0                __kernel_cos
 .text.__kernel_rem_pio2
                0x004020e8      0x88c c:/program files (x86)/atmel/studio/7.0/toolchain/arm/arm-gnu-toolchain/bin/../lib/gcc/arm-none-eabi/6.2.1/../../../../arm-none-eabi/lib/thumb/v7e-m\libm.a(lib_a-k_rem_pio2.o)
                0x004020e8                __kernel_rem_pio2
 *fill*         0x00402974        0x4 
 .text.__kernel_sin
                0x00402978      0x16c c:/program files (x86)/atmel/studio/7.0/toolchain/arm/arm-gnu-toolchain/bin/../lib/gcc/arm-none-eabi/6.2.1/../../../../arm-none-eabi/lib/thumb/v7e-m\libm.a(lib_a-k_sin.o)
                0x00402978                __kernel_sin
 .text.fabs     0x00402ae4        0x8 c:/program files (x86)/atmel/studio/7.0/toolchain/arm/arm-gnu-toolchain/bin/../lib/gcc/arm-none-eabi/6.2.1/../../../../arm-none-eabi/lib/thumb/v7e-m\libm.a(lib_a-s_fabs.o)
                0x00402ae4                fabs
 *fill*         0x00402aec        0x4 
 .text.floor    0x00402af0      0x118 c:/program files (x86)/atmel/studio/7.0/toolchain/arm/arm-gnu-toolchain/bin/../lib/gcc/arm-none-eabi/6.2.1/../../../../arm-none-eabi/lib/thumb/v7e-m\libm.a(lib_a-s_floor.o)
                0x00402af0                floor
 .text.matherr  0x00402c08        0x4 c:/program files (x86)/atmel/studio/7.0/toolchain/arm/arm-gnu-toolchain/bin/../lib/gcc/arm-none-eabi/6.2.1/../../../../arm-none-eabi/lib/thumb/v7e-m\libm.a(lib_a-s_matherr.o)
                0x00402c08                matherr
 .text.nan      0x00402c0c        0xc c:/program files (x86)/atmel/studio/7.0/toolchain/arm/arm-gnu-toolchain/bin/../lib/gcc/arm-none-eabi/6.2.1/../../../../arm-none-eabi/lib/thumb/v7e-m\libm.a(lib_a-s_nan.o)
                0x00402c0c                nan
 .text.scalbn   0x00402c18       0xfc c:/program files (x86)/atmel/studio/7.0/toolchain/arm/arm-gnu-toolchain/bin/../lib/gcc/arm-none-eabi/6.2.1/../../../../arm-none-eabi/lib/thumb/v7e-m\libm.a(lib_a-s_scalbn.o)
                0x00402c18                scalbn
 .text.copysign
                0x00402d14       0x10 c:/program files (x86)/atmel/studio/7.0/toolchain/arm/arm-gnu-toolchain/bin/../lib/gcc/arm-none-eabi/6.2.1/../../../../arm-none-eabi/lib/thumb/v7e-m\libm.a(lib_a-s_copysign.o)
                0x00402d14                copysign
 .text          0x00402d24      0x370 c:/program files (x86)/atmel/studio/7.0/toolchain/arm/arm-gnu-toolchain/bin/../lib/gcc/arm-none-eabi/6.2.1/thumb/v7e-m\libgcc.a(_arm_addsubdf3.o)
                0x00402d24                __aeabi_drsub
                0x00402d2c                __aeabi_dsub
                0x00402d2c                __subdf3
                0x00402d30                __aeabi_dadd
                0x00402d30                __adddf3
                0x00402fa8                __floatunsidf
                0x00402fa8                __aeabi_ui2d
                0x00402fc8                __floatsidf
                0x00402fc8                __aeabi_i2d
                0x00402fec                __aeabi_f2d
                0x00402fec                __extendsfdf2
                0x00403028                __floatundidf
                0x00403028                __aeabi_ul2d
                0x00403038                __floatdidf
                0x00403038                __aeabi_l2d
 .text          0x00403094      0x424 c:/program files (x86)/atmel/studio/7.0/toolchain/arm/arm-gnu-toolchain/bin/../lib/gcc/arm-none-eabi/6.2.1/thumb/v7e-m\libgcc.a(_arm_muldivdf3.o)
                0x00403094                __aeabi_dmul
                0x00403094                __muldf3
                0x004032e8                __divdf3
                0x004032e8                __aeabi_ddiv
 .text          0x004034b8      0x110 c:/program files (x86)/atmel/studio/7.0/toolchain/arm/arm-gnu-toolchain/bin/../lib/gcc/arm-none-eabi/6.2.1/thumb/v7e-m\libgcc.a(_arm_cmpdf2.o)
                0x004034b8                __gtdf2
                0x004034b8                __gedf2
                0x004034c0                __ltdf2
                0x004034c0                __ledf2
                0x004034c8                __nedf2
                0x004034c8                __eqdf2
                0x004034c8                __cmpdf2
                0x00403544                __aeabi_cdrcmple
                0x00403554                __aeabi_cdcmpeq
                0x00403554                __aeabi_cdcmple
                0x00403564                __aeabi_dcmpeq
                0x00403578                __aeabi_dcmplt
                0x0040358c                __aeabi_dcmple
                0x004035a0                __aeabi_dcmpge
                0x004035b4                __aeabi_dcmpgt
 .text          0x004035c8       0x2c c:/program files (x86)/atmel/studio/7.0/toolchain/arm/arm-gnu-toolchain/bin/../lib/gcc/arm-none-eabi/6.2.1/thumb/v7e-m\libgcc.a(_arm_unorddf2.o)
                0x004035c8                __unorddf2
                0x004035c8                __aeabi_dcmpun
 .text          0x004035f4       0x50 c:/program files (x86)/atmel/studio/7.0/toolchain/arm/arm-gnu-toolchain/bin/../lib/gcc/arm-none-eabi/6.2.1/thumb/v7e-m\libgcc.a(_arm_fixdfsi.o)
                0x004035f4                __aeabi_d2iz
                0x004035f4                __fixdfsi
 .text.__errno  0x00403644        0xc c:/program files (x86)/atmel/studio/7.0/toolchain/arm/arm-gnu-toolchain/bin/../lib/gcc/arm-none-eabi/6.2.1/../../../../arm-none-eabi/lib/thumb/v7e-m\libc_nano.a(lib_a-errno.o)
                0x00403644                __errno
 .text.__libc_init_array
                0x00403650       0x48 c:/program files (x86)/atmel/studio/7.0/toolchain/arm/arm-gnu-toolchain/bin/../lib/gcc/arm-none-eabi/6.2.1/../../../../arm-none-eabi/lib/thumb/v7e-m\libc_nano.a(lib_a-init.o)
                0x00403650                __libc_init_array
 .text.memset   0x00403698       0x10 c:/program files (x86)/atmel/studio/7.0/toolchain/arm/arm-gnu-toolchain/bin/../lib/gcc/arm-none-eabi/6.2.1/../../../../arm-none-eabi/lib/thumb/v7e-m\libc_nano.a(lib_a-memset.o)
                0x00403698                memset
 *(.glue_7t)
 .glue_7t       0x004036a8        0x0 linker stubs
 *(.glue_7)
 .glue_7        0x004036a8        0x0 linker stubs
 *(.rodata .rodata* .gnu.linkonce.r.*)
 .rodata.str1.4
                0x004036a8       0x1a hal/src/hal_adc_sync.o
 *fill*         0x004036c2        0x2 
 .rodata.str1.4
                0x004036c4       0x1c hal/src/hal_i2c_m_sync.o
 .rodata.str1.4
                0x004036e0       0x14 hal/src/hal_io.o
 .rodata.str1.4
                0x004036f4       0x15 hpl/adc/hpl_adc.o
 *fill*         0x00403709        0x3 
 .rodata        0x0040370c       0x18 hpl/twi/hpl_twi.o
 .rodata.str1.4
                0x00403724       0x15 hpl/twi/hpl_twi.o
 *fill*         0x00403739        0x3 
 .rodata.acos.str1.4
                0x0040373c        0x8 c:/program files (x86)/atmel/studio/7.0/toolchain/arm/arm-gnu-toolchain/bin/../lib/gcc/arm-none-eabi/6.2.1/../../../../arm-none-eabi/lib/thumb/v7e-m\libm.a(lib_a-w_acos.o)
                                  0x9 (size before relaxing)
 .rodata.npio2_hw
                0x00403744       0x80 c:/program files (x86)/atmel/studio/7.0/toolchain/arm/arm-gnu-toolchain/bin/../lib/gcc/arm-none-eabi/6.2.1/../../../../arm-none-eabi/lib/thumb/v7e-m\libm.a(lib_a-e_rem_pio2.o)
 .rodata.two_over_pi
                0x004037c4      0x108 c:/program files (x86)/atmel/studio/7.0/toolchain/arm/arm-gnu-toolchain/bin/../lib/gcc/arm-none-eabi/6.2.1/../../../../arm-none-eabi/lib/thumb/v7e-m\libm.a(lib_a-e_rem_pio2.o)
 *fill*         0x004038cc        0x4 
 .rodata.PIo2   0x004038d0       0x40 c:/program files (x86)/atmel/studio/7.0/toolchain/arm/arm-gnu-toolchain/bin/../lib/gcc/arm-none-eabi/6.2.1/../../../../arm-none-eabi/lib/thumb/v7e-m\libm.a(lib_a-k_rem_pio2.o)
 .rodata.init_jk
                0x00403910       0x10 c:/program files (x86)/atmel/studio/7.0/toolchain/arm/arm-gnu-toolchain/bin/../lib/gcc/arm-none-eabi/6.2.1/../../../../arm-none-eabi/lib/thumb/v7e-m\libm.a(lib_a-k_rem_pio2.o)
 .rodata.__sf_fake_stderr
                0x00403920       0x20 c:/program files (x86)/atmel/studio/7.0/toolchain/arm/arm-gnu-toolchain/bin/../lib/gcc/arm-none-eabi/6.2.1/../../../../arm-none-eabi/lib/thumb/v7e-m\libc_nano.a(lib_a-findfp.o)
                0x00403920                __sf_fake_stderr
 .rodata.__sf_fake_stdin
                0x00403940       0x20 c:/program files (x86)/atmel/studio/7.0/toolchain/arm/arm-gnu-toolchain/bin/../lib/gcc/arm-none-eabi/6.2.1/../../../../arm-none-eabi/lib/thumb/v7e-m\libc_nano.a(lib_a-findfp.o)
                0x00403940                __sf_fake_stdin
 .rodata.__sf_fake_stdout
                0x00403960       0x20 c:/program files (x86)/atmel/studio/7.0/toolchain/arm/arm-gnu-toolchain/bin/../lib/gcc/arm-none-eabi/6.2.1/../../../../arm-none-eabi/lib/thumb/v7e-m\libc_nano.a(lib_a-findfp.o)
                0x00403960                __sf_fake_stdout
 *(.ARM.extab* .gnu.linkonce.armextab.*)
                0x00403980                . = ALIGN (0x4)
 *(.init)
 .init          0x00403980        0x4 c:/program files (x86)/atmel/studio/7.0/toolchain/arm/arm-gnu-toolchain/bin/../lib/gcc/arm-none-eabi/6.2.1/thumb/v7e-m/crti.o
                0x00403980                _init
 .init          0x00403984        0x8 c:/program files (x86)/atmel/studio/7.0/toolchain/arm/arm-gnu-toolchain/bin/../lib/gcc/arm-none-eabi/6.2.1/thumb/v7e-m/crtn.o
                0x0040398c                . = ALIGN (0x4)
                0x0040398c                __preinit_array_start = .
 *(.preinit_array)
                0x0040398c                __preinit_array_end = .
                0x0040398c                . = ALIGN (0x4)
                0x0040398c                __init_array_start = .
 *(SORT(.init_array.*))
 *(.init_array)
 .init_array    0x0040398c        0x4 c:/program files (x86)/atmel/studio/7.0/toolchain/arm/arm-gnu-toolchain/bin/../lib/gcc/arm-none-eabi/6.2.1/thumb/v7e-m/crtbegin.o
                0x00403990                __init_array_end = .
                0x00403990                . = ALIGN (0x4)
 *crtbegin.o(.ctors)
 *(EXCLUDE_FILE(*crtend.o) .ctors)
 *(SORT(.ctors.*))
 *crtend.o(.ctors)
                0x00403990                . = ALIGN (0x4)
 *(.fini)
 .fini          0x00403990        0x4 c:/program files (x86)/atmel/studio/7.0/toolchain/arm/arm-gnu-toolchain/bin/../lib/gcc/arm-none-eabi/6.2.1/thumb/v7e-m/crti.o
                0x00403990                _fini
 .fini          0x00403994        0x8 c:/program files (x86)/atmel/studio/7.0/toolchain/arm/arm-gnu-toolchain/bin/../lib/gcc/arm-none-eabi/6.2.1/thumb/v7e-m/crtn.o
                0x0040399c                . = ALIGN (0x4)
                0x0040399c                __fini_array_start = .
 *(.fini_array)
 .fini_array    0x0040399c        0x4 c:/program files (x86)/atmel/studio/7.0/toolchain/arm/arm-gnu-toolchain/bin/../lib/gcc/arm-none-eabi/6.2.1/thumb/v7e-m/crtbegin.o
 *(SORT(.fini_array.*))
                0x004039a0                __fini_array_end = .
 *crtbegin.o(.dtors)
 *(EXCLUDE_FILE(*crtend.o) .dtors)
 *(SORT(.dtors.*))
 *crtend.o(.dtors)
                0x004039a0                . = ALIGN (0x4)
                0x004039a0                _efixed = .
                [!provide]                PROVIDE (__exidx_start, .)

.vfp11_veneer   0x004039a0        0x0
 .vfp11_veneer  0x004039a0        0x0 linker stubs

.v4_bx          0x004039a0        0x0
 .v4_bx         0x004039a0        0x0 linker stubs

.iplt           0x004039a0        0x0
 .iplt          0x004039a0        0x0 c:/program files (x86)/atmel/studio/7.0/toolchain/arm/arm-gnu-toolchain/bin/../lib/gcc/arm-none-eabi/6.2.1/thumb/v7e-m/crtbegin.o

.eh_frame       0x004039a0        0x0
 .eh_frame      0x004039a0        0x0 c:/program files (x86)/atmel/studio/7.0/toolchain/arm/arm-gnu-toolchain/bin/../lib/gcc/arm-none-eabi/6.2.1/thumb/v7e-m/crtbegin.o

.rel.dyn        0x004039a0        0x0
 .rel.iplt      0x004039a0        0x0 c:/program files (x86)/atmel/studio/7.0/toolchain/arm/arm-gnu-toolchain/bin/../lib/gcc/arm-none-eabi/6.2.1/thumb/v7e-m/crtbegin.o

.jcr            0x004039a0        0x0
 .jcr           0x004039a0        0x0 c:/program files (x86)/atmel/studio/7.0/toolchain/arm/arm-gnu-toolchain/bin/../lib/gcc/arm-none-eabi/6.2.1/thumb/v7e-m/crtbegin.o

.igot.plt       0x004039a0        0x0
 .igot.plt      0x004039a0        0x0 c:/program files (x86)/atmel/studio/7.0/toolchain/arm/arm-gnu-toolchain/bin/../lib/gcc/arm-none-eabi/6.2.1/thumb/v7e-m/crtbegin.o

.ARM.exidx
 *(.ARM.exidx* .gnu.linkonce.armexidx.*)
                [!provide]                PROVIDE (__exidx_end, .)
                0x004039a0                . = ALIGN (0x4)
                0x004039a0                _etext = .

.relocate       0x20000000       0x68 load address 0x004039a0
                0x20000000                . = ALIGN (0x4)
                0x20000000                _srelocate = .
 *(.ramfunc .ramfunc.*)
 *(.data .data.*)
 .data.__fdlib_version
                0x20000000        0x1 c:/program files (x86)/atmel/studio/7.0/toolchain/arm/arm-gnu-toolchain/bin/../lib/gcc/arm-none-eabi/6.2.1/../../../../arm-none-eabi/lib/thumb/v7e-m\libm.a(lib_a-s_lib_ver.o)
                0x20000000                __fdlib_version
 *fill*         0x20000001        0x3 
 .data._impure_ptr
                0x20000004        0x4 c:/program files (x86)/atmel/studio/7.0/toolchain/arm/arm-gnu-toolchain/bin/../lib/gcc/arm-none-eabi/6.2.1/../../../../arm-none-eabi/lib/thumb/v7e-m\libc_nano.a(lib_a-impure.o)
                0x20000004                _impure_ptr
 .data.impure_data
                0x20000008       0x60 c:/program files (x86)/atmel/studio/7.0/toolchain/arm/arm-gnu-toolchain/bin/../lib/gcc/arm-none-eabi/6.2.1/../../../../arm-none-eabi/lib/thumb/v7e-m\libc_nano.a(lib_a-impure.o)
                0x20000068                . = ALIGN (0x4)
                0x20000068                _erelocate = .

.bss            0x20000068      0xcc4 load address 0x00403a08
                0x20000068                . = ALIGN (0x4)
                0x20000068                _sbss = .
                0x20000068                _szero = .
 *(.bss .bss.*)
 .bss           0x20000068       0x1c c:/program files (x86)/atmel/studio/7.0/toolchain/arm/arm-gnu-toolchain/bin/../lib/gcc/arm-none-eabi/6.2.1/thumb/v7e-m/crtbegin.o
 .bss           0x20000084        0x4 hal/src/hal_delay.o
 .bss           0x20000088      0xc80 main.o
 *(COMMON)
 COMMON         0x20000d08       0x24 driver_init.o
                0x20000d08                ADC_0
                0x20000d0c                I2C_0
                0x20000d2c                . = ALIGN (0x4)
                0x20000d2c                _ebss = .
                0x20000d2c                _ezero = .

.heap           0x20000d2c      0x204 load address 0x004046cc
                0x20000d30                . = ALIGN (0x8)
 *fill*         0x20000d2c        0x4 
                0x20000d30                _sheap = .
                0x20000f30                . = (. + HEAP_SIZE)
 *fill*         0x20000d30      0x200 
                0x20000f30                . = ALIGN (0x8)
                0x20000f30                _eheap = .

.stack          0x20000f30      0x400 load address 0x004048d0
                0x20000f30                . = ALIGN (0x8)
                0x20000f30                _sstack = .
                0x20001330                . = (. + STACK_SIZE)
 *fill*         0x20000f30      0x400 
                0x20001330                . = ALIGN (0x8)
                0x20001330                _estack = .
                0x20001330                . = ALIGN (0x4)
                0x20001330                _end = .
                0x20027fff                _ram_end_ = ((ORIGIN (ram) + LENGTH (ram)) - 0x1)
OUTPUT(MyProject(3)0.elf elf32-littlearm)

.ARM.attributes
                0x00000000       0x2e
 .ARM.attributes
                0x00000000       0x1e c:/program files (x86)/atmel/studio/7.0/toolchain/arm/arm-gnu-toolchain/bin/../lib/gcc/arm-none-eabi/6.2.1/thumb/v7e-m/crti.o
 .ARM.attributes
                0x0000001e       0x2e c:/program files (x86)/atmel/studio/7.0/toolchain/arm/arm-gnu-toolchain/bin/../lib/gcc/arm-none-eabi/6.2.1/thumb/v7e-m/crtbegin.o
 .ARM.attributes
                0x0000004c       0x37 atmel_start.o
 .ARM.attributes
                0x00000083       0x37 Device_Startup/startup_samg55j19.o
 .ARM.attributes
                0x000000ba       0x37 driver_init.o
 .ARM.attributes
                0x000000f1       0x37 hal/src/hal_adc_sync.o
 .ARM.attributes
                0x00000128       0x37 hal/src/hal_atomic.o
 .ARM.attributes
                0x0000015f       0x37 hal/src/hal_delay.o
 .ARM.attributes
                0x00000196       0x37 hal/src/hal_i2c_m_sync.o
 .ARM.attributes
                0x000001cd       0x37 hal/src/hal_io.o
 .ARM.attributes
                0x00000204       0x37 hal/utils/src/utils_assert.o
 .ARM.attributes
                0x0000023b       0x37 hpl/adc/hpl_adc.o
 .ARM.attributes
                0x00000272       0x37 hpl/core/hpl_core_m4_base.o
 .ARM.attributes
                0x000002a9       0x37 hpl/core/hpl_init.o
 .ARM.attributes
                0x000002e0       0x37 hpl/pmc/hpl_pmc.o
 .ARM.attributes
                0x00000317       0x37 hpl/twi/hpl_twi.o
 .ARM.attributes
                0x0000034e       0x37 main.o
 .ARM.attributes
                0x00000385       0x2e c:/program files (x86)/atmel/studio/7.0/toolchain/arm/arm-gnu-toolchain/bin/../lib/gcc/arm-none-eabi/6.2.1/../../../../arm-none-eabi/lib/thumb/v7e-m\libm.a(lib_a-s_cos.o)
 .ARM.attributes
                0x000003b3       0x2e c:/program files (x86)/atmel/studio/7.0/toolchain/arm/arm-gnu-toolchain/bin/../lib/gcc/arm-none-eabi/6.2.1/../../../../arm-none-eabi/lib/thumb/v7e-m\libm.a(lib_a-w_acos.o)
 .ARM.attributes
                0x000003e1       0x2e c:/program files (x86)/atmel/studio/7.0/toolchain/arm/arm-gnu-toolchain/bin/../lib/gcc/arm-none-eabi/6.2.1/../../../../arm-none-eabi/lib/thumb/v7e-m\libm.a(lib_a-e_acos.o)
 .ARM.attributes
                0x0000040f       0x2e c:/program files (x86)/atmel/studio/7.0/toolchain/arm/arm-gnu-toolchain/bin/../lib/gcc/arm-none-eabi/6.2.1/../../../../arm-none-eabi/lib/thumb/v7e-m\libm.a(lib_a-e_rem_pio2.o)
 .ARM.attributes
                0x0000043d       0x2e c:/program files (x86)/atmel/studio/7.0/toolchain/arm/arm-gnu-toolchain/bin/../lib/gcc/arm-none-eabi/6.2.1/../../../../arm-none-eabi/lib/thumb/v7e-m\libm.a(lib_a-e_sqrt.o)
 .ARM.attributes
                0x0000046b       0x2e c:/program files (x86)/atmel/studio/7.0/toolchain/arm/arm-gnu-toolchain/bin/../lib/gcc/arm-none-eabi/6.2.1/../../../../arm-none-eabi/lib/thumb/v7e-m\libm.a(lib_a-k_cos.o)
 .ARM.attributes
                0x00000499       0x2e c:/program files (x86)/atmel/studio/7.0/toolchain/arm/arm-gnu-toolchain/bin/../lib/gcc/arm-none-eabi/6.2.1/../../../../arm-none-eabi/lib/thumb/v7e-m\libm.a(lib_a-k_rem_pio2.o)
 .ARM.attributes
                0x000004c7       0x2e c:/program files (x86)/atmel/studio/7.0/toolchain/arm/arm-gnu-toolchain/bin/../lib/gcc/arm-none-eabi/6.2.1/../../../../arm-none-eabi/lib/thumb/v7e-m\libm.a(lib_a-k_sin.o)
 .ARM.attributes
                0x000004f5       0x2e c:/program files (x86)/atmel/studio/7.0/toolchain/arm/arm-gnu-toolchain/bin/../lib/gcc/arm-none-eabi/6.2.1/../../../../arm-none-eabi/lib/thumb/v7e-m\libm.a(lib_a-s_fabs.o)
 .ARM.attributes
                0x00000523       0x2e c:/program files (x86)/atmel/studio/7.0/toolchain/arm/arm-gnu-toolchain/bin/../lib/gcc/arm-none-eabi/6.2.1/../../../../arm-none-eabi/lib/thumb/v7e-m\libm.a(lib_a-s_floor.o)
 .ARM.attributes
                0x00000551       0x2e c:/program files (x86)/atmel/studio/7.0/toolchain/arm/arm-gnu-toolchain/bin/../lib/gcc/arm-none-eabi/6.2.1/../../../../arm-none-eabi/lib/thumb/v7e-m\libm.a(lib_a-s_lib_ver.o)
 .ARM.attributes
                0x0000057f       0x2e c:/program files (x86)/atmel/studio/7.0/toolchain/arm/arm-gnu-toolchain/bin/../lib/gcc/arm-none-eabi/6.2.1/../../../../arm-none-eabi/lib/thumb/v7e-m\libm.a(lib_a-s_matherr.o)
 .ARM.attributes
                0x000005ad       0x2e c:/program files (x86)/atmel/studio/7.0/toolchain/arm/arm-gnu-toolchain/bin/../lib/gcc/arm-none-eabi/6.2.1/../../../../arm-none-eabi/lib/thumb/v7e-m\libm.a(lib_a-s_nan.o)
 .ARM.attributes
                0x000005db       0x2e c:/program files (x86)/atmel/studio/7.0/toolchain/arm/arm-gnu-toolchain/bin/../lib/gcc/arm-none-eabi/6.2.1/../../../../arm-none-eabi/lib/thumb/v7e-m\libm.a(lib_a-s_scalbn.o)
 .ARM.attributes
                0x00000609       0x2e c:/program files (x86)/atmel/studio/7.0/toolchain/arm/arm-gnu-toolchain/bin/../lib/gcc/arm-none-eabi/6.2.1/../../../../arm-none-eabi/lib/thumb/v7e-m\libm.a(lib_a-s_copysign.o)
 .ARM.attributes
                0x00000637       0x1e c:/program files (x86)/atmel/studio/7.0/toolchain/arm/arm-gnu-toolchain/bin/../lib/gcc/arm-none-eabi/6.2.1/thumb/v7e-m\libgcc.a(_arm_addsubdf3.o)
 .ARM.attributes
                0x00000655       0x1e c:/program files (x86)/atmel/studio/7.0/toolchain/arm/arm-gnu-toolchain/bin/../lib/gcc/arm-none-eabi/6.2.1/thumb/v7e-m\libgcc.a(_arm_muldivdf3.o)
 .ARM.attributes
                0x00000673       0x1e c:/program files (x86)/atmel/studio/7.0/toolchain/arm/arm-gnu-toolchain/bin/../lib/gcc/arm-none-eabi/6.2.1/thumb/v7e-m\libgcc.a(_arm_cmpdf2.o)
 .ARM.attributes
                0x00000691       0x1e c:/program files (x86)/atmel/studio/7.0/toolchain/arm/arm-gnu-toolchain/bin/../lib/gcc/arm-none-eabi/6.2.1/thumb/v7e-m\libgcc.a(_arm_unorddf2.o)
 .ARM.attributes
                0x000006af       0x1e c:/program files (x86)/atmel/studio/7.0/toolchain/arm/arm-gnu-toolchain/bin/../lib/gcc/arm-none-eabi/6.2.1/thumb/v7e-m\libgcc.a(_arm_fixdfsi.o)
 .ARM.attributes
                0x000006cd       0x2e c:/program files (x86)/atmel/studio/7.0/toolchain/arm/arm-gnu-toolchain/bin/../lib/gcc/arm-none-eabi/6.2.1/../../../../arm-none-eabi/lib/thumb/v7e-m\libc_nano.a(lib_a-errno.o)
 .ARM.attributes
                0x000006fb       0x2e c:/program files (x86)/atmel/studio/7.0/toolchain/arm/arm-gnu-toolchain/bin/../lib/gcc/arm-none-eabi/6.2.1/../../../../arm-none-eabi/lib/thumb/v7e-m\libc_nano.a(lib_a-impure.o)
 .ARM.attributes
                0x00000729       0x2e c:/program files (x86)/atmel/studio/7.0/toolchain/arm/arm-gnu-toolchain/bin/../lib/gcc/arm-none-eabi/6.2.1/../../../../arm-none-eabi/lib/thumb/v7e-m\libc_nano.a(lib_a-init.o)
 .ARM.attributes
                0x00000757       0x2e c:/program files (x86)/atmel/studio/7.0/toolchain/arm/arm-gnu-toolchain/bin/../lib/gcc/arm-none-eabi/6.2.1/../../../../arm-none-eabi/lib/thumb/v7e-m\libc_nano.a(lib_a-memset.o)
 .ARM.attributes
                0x00000785       0x2e c:/program files (x86)/atmel/studio/7.0/toolchain/arm/arm-gnu-toolchain/bin/../lib/gcc/arm-none-eabi/6.2.1/../../../../arm-none-eabi/lib/thumb/v7e-m\libc_nano.a(lib_a-findfp.o)
 .ARM.attributes
                0x000007b3       0x1e c:/program files (x86)/atmel/studio/7.0/toolchain/arm/arm-gnu-toolchain/bin/../lib/gcc/arm-none-eabi/6.2.1/thumb/v7e-m/crtn.o

.comment        0x00000000       0x59
 .comment       0x00000000       0x59 atmel_start.o
                                 0x5a (size before relaxing)
 .comment       0x00000059       0x5a Device_Startup/startup_samg55j19.o
 .comment       0x00000059       0x5a driver_init.o
 .comment       0x00000059       0x5a hal/src/hal_adc_sync.o
 .comment       0x00000059       0x5a hal/src/hal_atomic.o
 .comment       0x00000059       0x5a hal/src/hal_delay.o
 .comment       0x00000059       0x5a hal/src/hal_i2c_m_sync.o
 .comment       0x00000059       0x5a hal/src/hal_io.o
 .comment       0x00000059       0x5a hal/utils/src/utils_assert.o
 .comment       0x00000059       0x5a hpl/adc/hpl_adc.o
 .comment       0x00000059       0x5a hpl/core/hpl_core_m4_base.o
 .comment       0x00000059       0x5a hpl/core/hpl_init.o
 .comment       0x00000059       0x5a hpl/pmc/hpl_pmc.o
 .comment       0x00000059       0x5a hpl/twi/hpl_twi.o
 .comment       0x00000059       0x5a main.o

.debug_info     0x00000000     0x9de0
 .debug_info    0x00000000      0xc23 atmel_start.o
 .debug_info    0x00000c23      0x78e Device_Startup/startup_samg55j19.o
 .debug_info    0x000013b1     0x1356 driver_init.o
 .debug_info    0x00002707      0xb97 hal/src/hal_adc_sync.o
 .debug_info    0x0000329e      0x1ed hal/src/hal_atomic.o
 .debug_info    0x0000348b      0x1f8 hal/src/hal_delay.o
 .debug_info    0x00003683      0x896 hal/src/hal_i2c_m_sync.o
 .debug_info    0x00003f19      0x2b8 hal/src/hal_io.o
 .debug_info    0x000041d1      0x10d hal/utils/src/utils_assert.o
 .debug_info    0x000042de     0x1de0 hpl/adc/hpl_adc.o
 .debug_info    0x000060be      0xab7 hpl/core/hpl_core_m4_base.o
 .debug_info    0x00006b75      0x4b1 hpl/core/hpl_init.o
 .debug_info    0x00007026      0x7e7 hpl/pmc/hpl_pmc.o
 .debug_info    0x0000780d      0xf8e hpl/twi/hpl_twi.o
 .debug_info    0x0000879b     0x1645 main.o

.debug_abbrev   0x00000000     0x1be8
 .debug_abbrev  0x00000000      0x1d7 atmel_start.o
 .debug_abbrev  0x000001d7      0x153 Device_Startup/startup_samg55j19.o
 .debug_abbrev  0x0000032a      0x2a0 driver_init.o
 .debug_abbrev  0x000005ca      0x166 hal/src/hal_adc_sync.o
 .debug_abbrev  0x00000730      0x144 hal/src/hal_atomic.o
 .debug_abbrev  0x00000874       0xe8 hal/src/hal_delay.o
 .debug_abbrev  0x0000095c      0x1d1 hal/src/hal_i2c_m_sync.o
 .debug_abbrev  0x00000b2d      0x11c hal/src/hal_io.o
 .debug_abbrev  0x00000c49       0x8d hal/utils/src/utils_assert.o
 .debug_abbrev  0x00000cd6      0x372 hpl/adc/hpl_adc.o
 .debug_abbrev  0x00001048      0x2c2 hpl/core/hpl_core_m4_base.o
 .debug_abbrev  0x0000130a      0x1d4 hpl/core/hpl_init.o
 .debug_abbrev  0x000014de      0x1d5 hpl/pmc/hpl_pmc.o
 .debug_abbrev  0x000016b3      0x28c hpl/twi/hpl_twi.o
 .debug_abbrev  0x0000193f      0x2a9 main.o

.debug_loc      0x00000000     0x3024
 .debug_loc     0x00000000       0x20 atmel_start.o
 .debug_loc     0x00000020       0x6b Device_Startup/startup_samg55j19.o
 .debug_loc     0x0000008b      0x1e5 driver_init.o
 .debug_loc     0x00000270      0x870 hal/src/hal_adc_sync.o
 .debug_loc     0x00000ae0       0x13 hal/src/hal_atomic.o
 .debug_loc     0x00000af3       0xc3 hal/src/hal_delay.o
 .debug_loc     0x00000bb6      0x736 hal/src/hal_i2c_m_sync.o
 .debug_loc     0x000012ec      0x152 hal/src/hal_io.o
 .debug_loc     0x0000143e      0xe90 hpl/adc/hpl_adc.o
 .debug_loc     0x000022ce      0x1fb hpl/core/hpl_core_m4_base.o
 .debug_loc     0x000024c9       0x77 hpl/core/hpl_init.o
 .debug_loc     0x00002540      0x192 hpl/pmc/hpl_pmc.o
 .debug_loc     0x000026d2      0x905 hpl/twi/hpl_twi.o
 .debug_loc     0x00002fd7       0x4d main.o

.debug_aranges  0x00000000      0x4d8
 .debug_aranges
                0x00000000       0x20 atmel_start.o
 .debug_aranges
                0x00000020       0x28 Device_Startup/startup_samg55j19.o
 .debug_aranges
                0x00000048       0x50 driver_init.o
 .debug_aranges
                0x00000098       0x98 hal/src/hal_adc_sync.o
 .debug_aranges
                0x00000130       0x30 hal/src/hal_atomic.o
 .debug_aranges
                0x00000160       0x38 hal/src/hal_delay.o
 .debug_aranges
                0x00000198       0x88 hal/src/hal_i2c_m_sync.o
 .debug_aranges
                0x00000220       0x30 hal/src/hal_io.o
 .debug_aranges
                0x00000250       0x20 hal/utils/src/utils_assert.o
 .debug_aranges
                0x00000270      0x130 hpl/adc/hpl_adc.o
 .debug_aranges
                0x000003a0       0x80 hpl/core/hpl_core_m4_base.o
 .debug_aranges
                0x00000420       0x20 hpl/core/hpl_init.o
 .debug_aranges
                0x00000440       0x20 hpl/pmc/hpl_pmc.o
 .debug_aranges
                0x00000460       0x50 hpl/twi/hpl_twi.o
 .debug_aranges
                0x000004b0       0x28 main.o

.debug_ranges   0x00000000      0x500
 .debug_ranges  0x00000000       0x10 atmel_start.o
 .debug_ranges  0x00000010       0x18 Device_Startup/startup_samg55j19.o
 .debug_ranges  0x00000028       0x40 driver_init.o
 .debug_ranges  0x00000068       0xa0 hal/src/hal_adc_sync.o
 .debug_ranges  0x00000108       0x20 hal/src/hal_atomic.o
 .debug_ranges  0x00000128       0x28 hal/src/hal_delay.o
 .debug_ranges  0x00000150       0x78 hal/src/hal_i2c_m_sync.o
 .debug_ranges  0x000001c8       0x20 hal/src/hal_io.o
 .debug_ranges  0x000001e8       0x10 hal/utils/src/utils_assert.o
 .debug_ranges  0x000001f8      0x168 hpl/adc/hpl_adc.o
 .debug_ranges  0x00000360       0x70 hpl/core/hpl_core_m4_base.o
 .debug_ranges  0x000003d0       0x10 hpl/core/hpl_init.o
 .debug_ranges  0x000003e0       0x10 hpl/pmc/hpl_pmc.o
 .debug_ranges  0x000003f0       0xc8 hpl/twi/hpl_twi.o
 .debug_ranges  0x000004b8       0x48 main.o

.debug_macro    0x00000000    0x21be4
 .debug_macro   0x00000000      0x6cf atmel_start.o
 .debug_macro   0x000006cf      0x8aa atmel_start.o
 .debug_macro   0x00000f79      0x16d atmel_start.o
 .debug_macro   0x000010e6       0x22 atmel_start.o
 .debug_macro   0x00001108       0x87 atmel_start.o
 .debug_macro   0x0000118f       0x51 atmel_start.o
 .debug_macro   0x000011e0       0xef atmel_start.o
 .debug_macro   0x000012cf       0x6a atmel_start.o
 .debug_macro   0x00001339      0x1df atmel_start.o
 .debug_macro   0x00001518       0x22 atmel_start.o
 .debug_macro   0x0000153a       0x6e atmel_start.o
 .debug_macro   0x000015a8       0x28 atmel_start.o
 .debug_macro   0x000015d0       0xaf atmel_start.o
 .debug_macro   0x0000167f      0xfe7 atmel_start.o
 .debug_macro   0x00002666     0x1436 atmel_start.o
 .debug_macro   0x00003a9c      0x37f atmel_start.o
 .debug_macro   0x00003e1b      0x390 atmel_start.o
 .debug_macro   0x000041ab      0x314 atmel_start.o
 .debug_macro   0x000044bf      0x2d3 atmel_start.o
 .debug_macro   0x00004792       0xb8 atmel_start.o
 .debug_macro   0x0000484a       0x40 atmel_start.o
 .debug_macro   0x0000488a      0x9f5 atmel_start.o
 .debug_macro   0x0000527f      0x4d1 atmel_start.o
 .debug_macro   0x00005750      0x41a atmel_start.o
 .debug_macro   0x00005b6a      0x2a4 atmel_start.o
 .debug_macro   0x00005e0e      0x5d7 atmel_start.o
 .debug_macro   0x000063e5     0x7ee5 atmel_start.o
 .debug_macro   0x0000e2ca     0x218c atmel_start.o
 .debug_macro   0x00010456      0x1b0 atmel_start.o
 .debug_macro   0x00010606      0x86c atmel_start.o
 .debug_macro   0x00010e72      0x27d atmel_start.o
 .debug_macro   0x000110ef      0xb26 atmel_start.o
 .debug_macro   0x00011c15     0x132c atmel_start.o
 .debug_macro   0x00012f41      0xaf7 atmel_start.o
 .debug_macro   0x00013a38     0x103e atmel_start.o
 .debug_macro   0x00014a76      0x83d atmel_start.o
 .debug_macro   0x000152b3      0xb35 atmel_start.o
 .debug_macro   0x00015de8     0x1109 atmel_start.o
 .debug_macro   0x00016ef1      0x13f atmel_start.o
 .debug_macro   0x00017030       0xe8 atmel_start.o
 .debug_macro   0x00017118       0x16 atmel_start.o
 .debug_macro   0x0001712e       0x46 atmel_start.o
 .debug_macro   0x00017174       0x6a atmel_start.o
 .debug_macro   0x000171de       0x40 atmel_start.o
 .debug_macro   0x0001721e       0x2e atmel_start.o
 .debug_macro   0x0001724c       0x2e atmel_start.o
 .debug_macro   0x0001727a       0x2e atmel_start.o
 .debug_macro   0x000172a8       0x2e atmel_start.o
 .debug_macro   0x000172d6       0x2e atmel_start.o
 .debug_macro   0x00017304       0x2e atmel_start.o
 .debug_macro   0x00017332       0x2e atmel_start.o
 .debug_macro   0x00017360       0x2e atmel_start.o
 .debug_macro   0x0001738e       0x40 atmel_start.o
 .debug_macro   0x000173ce       0xa0 atmel_start.o
 .debug_macro   0x0001746e       0xa0 atmel_start.o
 .debug_macro   0x0001750e       0x7c atmel_start.o
 .debug_macro   0x0001758a       0x70 atmel_start.o
 .debug_macro   0x000175fa       0x7c atmel_start.o
 .debug_macro   0x00017676       0x76 atmel_start.o
 .debug_macro   0x000176ec      0x13f atmel_start.o
 .debug_macro   0x0001782b      0x13f atmel_start.o
 .debug_macro   0x0001796a      0x100 atmel_start.o
 .debug_macro   0x00017a6a       0x22 atmel_start.o
 .debug_macro   0x00017a8c       0x64 atmel_start.o
 .debug_macro   0x00017af0       0x2e atmel_start.o
 .debug_macro   0x00017b1e       0xa6 atmel_start.o
 .debug_macro   0x00017bc4       0xa6 atmel_start.o
 .debug_macro   0x00017c6a       0xa6 atmel_start.o
 .debug_macro   0x00017d10       0xa6 atmel_start.o
 .debug_macro   0x00017db6       0xa6 atmel_start.o
 .debug_macro   0x00017e5c       0xa6 atmel_start.o
 .debug_macro   0x00017f02       0xa6 atmel_start.o
 .debug_macro   0x00017fa8       0xa6 atmel_start.o
 .debug_macro   0x0001804e       0x3a atmel_start.o
 .debug_macro   0x00018088      0x12e atmel_start.o
 .debug_macro   0x000181b6      0x127 atmel_start.o
 .debug_macro   0x000182dd       0xb8 atmel_start.o
 .debug_macro   0x00018395       0xb8 atmel_start.o
 .debug_macro   0x0001844d       0xb8 atmel_start.o
 .debug_macro   0x00018505       0xb8 atmel_start.o
 .debug_macro   0x000185bd       0xb8 atmel_start.o
 .debug_macro   0x00018675       0xb8 atmel_start.o
 .debug_macro   0x0001872d       0xb8 atmel_start.o
 .debug_macro   0x000187e5       0xb8 atmel_start.o
 .debug_macro   0x0001889d       0xa0 atmel_start.o
 .debug_macro   0x0001893d       0xa0 atmel_start.o
 .debug_macro   0x000189dd       0xca atmel_start.o
 .debug_macro   0x00018aa7       0xca atmel_start.o
 .debug_macro   0x00018b71       0xca atmel_start.o
 .debug_macro   0x00018c3b       0xca atmel_start.o
 .debug_macro   0x00018d05       0xca atmel_start.o
 .debug_macro   0x00018dcf       0xca atmel_start.o
 .debug_macro   0x00018e99       0xca atmel_start.o
 .debug_macro   0x00018f63       0xca atmel_start.o
 .debug_macro   0x0001902d       0x22 atmel_start.o
 .debug_macro   0x0001904f      0x3c3 atmel_start.o
 .debug_macro   0x00019412     0x275b atmel_start.o
 .debug_macro   0x0001bb6d      0x107 atmel_start.o
 .debug_macro   0x0001bc74       0x10 atmel_start.o
 .debug_macro   0x0001bc84       0x10 atmel_start.o
 .debug_macro   0x0001bc94       0x16 atmel_start.o
 .debug_macro   0x0001bcaa       0x16 atmel_start.o
 .debug_macro   0x0001bcc0       0x16 atmel_start.o
 .debug_macro   0x0001bcd6       0x16 atmel_start.o
 .debug_macro   0x0001bcec       0x16 atmel_start.o
 .debug_macro   0x0001bd02       0x16 atmel_start.o
 .debug_macro   0x0001bd18       0x16 atmel_start.o
 .debug_macro   0x0001bd2e       0x16 atmel_start.o
 .debug_macro   0x0001bd44       0x16 atmel_start.o
 .debug_macro   0x0001bd5a       0x16 atmel_start.o
 .debug_macro   0x0001bd70       0x16 atmel_start.o
 .debug_macro   0x0001bd86       0x16 atmel_start.o
 .debug_macro   0x0001bd9c       0x16 atmel_start.o
 .debug_macro   0x0001bdb2       0x16 atmel_start.o
 .debug_macro   0x0001bdc8       0x16 atmel_start.o
 .debug_macro   0x0001bdde       0x16 atmel_start.o
 .debug_macro   0x0001bdf4       0x16 atmel_start.o
 .debug_macro   0x0001be0a       0x16 atmel_start.o
 .debug_macro   0x0001be20       0x16 atmel_start.o
 .debug_macro   0x0001be36       0x16 atmel_start.o
 .debug_macro   0x0001be4c       0x16 atmel_start.o
 .debug_macro   0x0001be62       0x16 atmel_start.o
 .debug_macro   0x0001be78       0x16 atmel_start.o
 .debug_macro   0x0001be8e       0x16 atmel_start.o
 .debug_macro   0x0001bea4       0xca atmel_start.o
 .debug_macro   0x0001bf6e       0x1c atmel_start.o
 .debug_macro   0x0001bf8a       0x16 atmel_start.o
 .debug_macro   0x0001bfa0       0x2e atmel_start.o
 .debug_macro   0x0001bfce       0x70 atmel_start.o
 .debug_macro   0x0001c03e       0x52 atmel_start.o
 .debug_macro   0x0001c090       0x35 atmel_start.o
 .debug_macro   0x0001c0c5       0x9c atmel_start.o
 .debug_macro   0x0001c161       0x52 atmel_start.o
 .debug_macro   0x0001c1b3       0x1f atmel_start.o
 .debug_macro   0x0001c1d2       0x43 atmel_start.o
 .debug_macro   0x0001c215       0x20 atmel_start.o
 .debug_macro   0x0001c235      0x187 atmel_start.o
 .debug_macro   0x0001c3bc      0x330 atmel_start.o
 .debug_macro   0x0001c6ec      0x1e1 atmel_start.o
 .debug_macro   0x0001c8cd       0x10 atmel_start.o
 .debug_macro   0x0001c8dd      0x3de Device_Startup/startup_samg55j19.o
 .debug_macro   0x0001ccbb       0x68 Device_Startup/startup_samg55j19.o
 .debug_macro   0x0001cd23      0x633 driver_init.o
 .debug_macro   0x0001d356       0x46 driver_init.o
 .debug_macro   0x0001d39c       0xc9 driver_init.o
 .debug_macro   0x0001d465      0x56d hal/src/hal_adc_sync.o
 .debug_macro   0x0001d9d2      0x535 hal/src/hal_atomic.o
 .debug_macro   0x0001df07      0x56c hal/src/hal_delay.o
 .debug_macro   0x0001e473      0x575 hal/src/hal_i2c_m_sync.o
 .debug_macro   0x0001e9e8       0x6a hal/src/hal_i2c_m_sync.o
 .debug_macro   0x0001ea52      0x54a hal/src/hal_io.o
 .debug_macro   0x0001ef9c      0x53f hal/utils/src/utils_assert.o
 .debug_macro   0x0001f4db       0x10 hal/utils/src/utils_assert.o
 .debug_macro   0x0001f4eb      0x572 hpl/adc/hpl_adc.o
 .debug_macro   0x0001fa5d      0x1a3 hpl/adc/hpl_adc.o
 .debug_macro   0x0001fc00      0x595 hpl/core/hpl_core_m4_base.o
 .debug_macro   0x00020195      0x5ae hpl/core/hpl_init.o
 .debug_macro   0x00020743      0x25e hpl/core/hpl_init.o
 .debug_macro   0x000209a1       0x16 hpl/core/hpl_init.o
 .debug_macro   0x000209b7      0x55f hpl/pmc/hpl_pmc.o
 .debug_macro   0x00020f16      0x56d hpl/twi/hpl_twi.o
 .debug_macro   0x00021483       0x91 hpl/twi/hpl_twi.o
 .debug_macro   0x00021514      0x6d0 main.o

.debug_line     0x00000000     0xafde
 .debug_line    0x00000000      0xc3a atmel_start.o
 .debug_line    0x00000c3a      0x7de Device_Startup/startup_samg55j19.o
 .debug_line    0x00001418      0xca6 driver_init.o
 .debug_line    0x000020be      0xc3f hal/src/hal_adc_sync.o
 .debug_line    0x00002cfd      0xab3 hal/src/hal_atomic.o
 .debug_line    0x000037b0      0xae7 hal/src/hal_delay.o
 .debug_line    0x00004297      0xbd5 hal/src/hal_i2c_m_sync.o
 .debug_line    0x00004e6c      0xad3 hal/src/hal_io.o
 .debug_line    0x0000593f      0xa87 hal/utils/src/utils_assert.o
 .debug_line    0x000063c6      0xebf hpl/adc/hpl_adc.o
 .debug_line    0x00007285      0xc3a hpl/core/hpl_core_m4_base.o
 .debug_line    0x00007ebf      0xb6e hpl/core/hpl_init.o
 .debug_line    0x00008a2d      0xb2a hpl/pmc/hpl_pmc.o
 .debug_line    0x00009557      0xd2a hpl/twi/hpl_twi.o
 .debug_line    0x0000a281      0xd5d main.o

.debug_str      0x00000000    0x9d8ee
 .debug_str     0x00000000    0x99428 atmel_start.o
                              0x997e9 (size before relaxing)
 .debug_str     0x00099428      0x54d Device_Startup/startup_samg55j19.o
                              0x95409 (size before relaxing)
 .debug_str     0x00099975      0xc3d driver_init.o
                              0x9703c (size before relaxing)
 .debug_str     0x0009a5b2      0x3fc hal/src/hal_adc_sync.o
                              0x964ab (size before relaxing)
 .debug_str     0x0009a9ae       0x9c hal/src/hal_atomic.o
                              0x95ebf (size before relaxing)
 .debug_str     0x0009aa4a       0x9b hal/src/hal_delay.o
                              0x95f29 (size before relaxing)
 .debug_str     0x0009aae5      0x148 hal/src/hal_i2c_m_sync.o
                              0x967b0 (size before relaxing)
 .debug_str     0x0009ac2d       0x3d hal/src/hal_io.o
                              0x95f5a (size before relaxing)
 .debug_str     0x0009ac6a       0x2a hal/utils/src/utils_assert.o
                              0x95ebb (size before relaxing)
 .debug_str     0x0009ac94     0x16c0 hpl/adc/hpl_adc.o
                              0x97e7a (size before relaxing)
 .debug_str     0x0009c354      0x1f9 hpl/core/hpl_core_m4_base.o
                              0x96a7f (size before relaxing)
 .debug_str     0x0009c54d      0x900 hpl/core/hpl_init.o
                              0x96a83 (size before relaxing)
 .debug_str     0x0009ce4d      0x18d hpl/pmc/hpl_pmc.o
                              0x96a90 (size before relaxing)
 .debug_str     0x0009cfda      0x8a0 hpl/twi/hpl_twi.o
                              0x96fa6 (size before relaxing)
 .debug_str     0x0009d87a       0x74 main.o
                              0x99af2 (size before relaxing)

.debug_frame    0x00000000     0x107c
 .debug_frame   0x00000000       0x28 atmel_start.o
 .debug_frame   0x00000028       0x38 Device_Startup/startup_samg55j19.o
 .debug_frame   0x00000060       0x98 driver_init.o
 .debug_frame   0x000000f8      0x1d0 hal/src/hal_adc_sync.o
 .debug_frame   0x000002c8       0x40 hal/src/hal_atomic.o
 .debug_frame   0x00000308       0x68 hal/src/hal_delay.o
 .debug_frame   0x00000370      0x174 hal/src/hal_i2c_m_sync.o
 .debug_frame   0x000004e4       0x58 hal/src/hal_io.o
 .debug_frame   0x0000053c       0x20 hal/utils/src/utils_assert.o
 .debug_frame   0x0000055c      0x264 hpl/adc/hpl_adc.o
 .debug_frame   0x000007c0       0xec hpl/core/hpl_core_m4_base.o
 .debug_frame   0x000008ac       0x2c hpl/core/hpl_init.o
 .debug_frame   0x000008d8       0x20 hpl/pmc/hpl_pmc.o
 .debug_frame   0x000008f8       0xc4 hpl/twi/hpl_twi.o
 .debug_frame   0x000009bc       0x44 main.o
 .debug_frame   0x00000a00       0x38 c:/program files (x86)/atmel/studio/7.0/toolchain/arm/arm-gnu-toolchain/bin/../lib/gcc/arm-none-eabi/6.2.1/../../../../arm-none-eabi/lib/thumb/v7e-m\libm.a(lib_a-s_cos.o)
 .debug_frame   0x00000a38       0x3c c:/program files (x86)/atmel/studio/7.0/toolchain/arm/arm-gnu-toolchain/bin/../lib/gcc/arm-none-eabi/6.2.1/../../../../arm-none-eabi/lib/thumb/v7e-m\libm.a(lib_a-w_acos.o)
 .debug_frame   0x00000a74       0x38 c:/program files (x86)/atmel/studio/7.0/toolchain/arm/arm-gnu-toolchain/bin/../lib/gcc/arm-none-eabi/6.2.1/../../../../arm-none-eabi/lib/thumb/v7e-m\libm.a(lib_a-e_acos.o)
 .debug_frame   0x00000aac       0x48 c:/program files (x86)/atmel/studio/7.0/toolchain/arm/arm-gnu-toolchain/bin/../lib/gcc/arm-none-eabi/6.2.1/../../../../arm-none-eabi/lib/thumb/v7e-m\libm.a(lib_a-e_rem_pio2.o)
 .debug_frame   0x00000af4       0x34 c:/program files (x86)/atmel/studio/7.0/toolchain/arm/arm-gnu-toolchain/bin/../lib/gcc/arm-none-eabi/6.2.1/../../../../arm-none-eabi/lib/thumb/v7e-m\libm.a(lib_a-e_sqrt.o)
 .debug_frame   0x00000b28       0x4c c:/program files (x86)/atmel/studio/7.0/toolchain/arm/arm-gnu-toolchain/bin/../lib/gcc/arm-none-eabi/6.2.1/../../../../arm-none-eabi/lib/thumb/v7e-m\libm.a(lib_a-k_cos.o)
 .debug_frame   0x00000b74       0x50 c:/program files (x86)/atmel/studio/7.0/toolchain/arm/arm-gnu-toolchain/bin/../lib/gcc/arm-none-eabi/6.2.1/../../../../arm-none-eabi/lib/thumb/v7e-m\libm.a(lib_a-k_rem_pio2.o)
 .debug_frame   0x00000bc4       0x48 c:/program files (x86)/atmel/studio/7.0/toolchain/arm/arm-gnu-toolchain/bin/../lib/gcc/arm-none-eabi/6.2.1/../../../../arm-none-eabi/lib/thumb/v7e-m\libm.a(lib_a-k_sin.o)
 .debug_frame   0x00000c0c       0x20 c:/program files (x86)/atmel/studio/7.0/toolchain/arm/arm-gnu-toolchain/bin/../lib/gcc/arm-none-eabi/6.2.1/../../../../arm-none-eabi/lib/thumb/v7e-m\libm.a(lib_a-s_fabs.o)
 .debug_frame   0x00000c2c       0x34 c:/program files (x86)/atmel/studio/7.0/toolchain/arm/arm-gnu-toolchain/bin/../lib/gcc/arm-none-eabi/6.2.1/../../../../arm-none-eabi/lib/thumb/v7e-m\libm.a(lib_a-s_floor.o)
 .debug_frame   0x00000c60       0x20 c:/program files (x86)/atmel/studio/7.0/toolchain/arm/arm-gnu-toolchain/bin/../lib/gcc/arm-none-eabi/6.2.1/../../../../arm-none-eabi/lib/thumb/v7e-m\libm.a(lib_a-s_matherr.o)
 .debug_frame   0x00000c80       0x20 c:/program files (x86)/atmel/studio/7.0/toolchain/arm/arm-gnu-toolchain/bin/../lib/gcc/arm-none-eabi/6.2.1/../../../../arm-none-eabi/lib/thumb/v7e-m\libm.a(lib_a-s_nan.o)
 .debug_frame   0x00000ca0       0x30 c:/program files (x86)/atmel/studio/7.0/toolchain/arm/arm-gnu-toolchain/bin/../lib/gcc/arm-none-eabi/6.2.1/../../../../arm-none-eabi/lib/thumb/v7e-m\libm.a(lib_a-s_scalbn.o)
 .debug_frame   0x00000cd0       0x20 c:/program files (x86)/atmel/studio/7.0/toolchain/arm/arm-gnu-toolchain/bin/../lib/gcc/arm-none-eabi/6.2.1/../../../../arm-none-eabi/lib/thumb/v7e-m\libm.a(lib_a-s_copysign.o)
 .debug_frame   0x00000cf0       0xac c:/program files (x86)/atmel/studio/7.0/toolchain/arm/arm-gnu-toolchain/bin/../lib/gcc/arm-none-eabi/6.2.1/thumb/v7e-m\libgcc.a(_arm_addsubdf3.o)
 .debug_frame   0x00000d9c       0x50 c:/program files (x86)/atmel/studio/7.0/toolchain/arm/arm-gnu-toolchain/bin/../lib/gcc/arm-none-eabi/6.2.1/thumb/v7e-m\libgcc.a(_arm_muldivdf3.o)
 .debug_frame   0x00000dec       0xc4 c:/program files (x86)/atmel/studio/7.0/toolchain/arm/arm-gnu-toolchain/bin/../lib/gcc/arm-none-eabi/6.2.1/thumb/v7e-m\libgcc.a(_arm_cmpdf2.o)
 .debug_frame   0x00000eb0       0x20 c:/program files (x86)/atmel/studio/7.0/toolchain/arm/arm-gnu-toolchain/bin/../lib/gcc/arm-none-eabi/6.2.1/thumb/v7e-m\libgcc.a(_arm_unorddf2.o)
 .debug_frame   0x00000ed0       0x24 c:/program files (x86)/atmel/studio/7.0/toolchain/arm/arm-gnu-toolchain/bin/../lib/gcc/arm-none-eabi/6.2.1/thumb/v7e-m\libgcc.a(_arm_fixdfsi.o)
 .debug_frame   0x00000ef4       0x20 c:/program files (x86)/atmel/studio/7.0/toolchain/arm/arm-gnu-toolchain/bin/../lib/gcc/arm-none-eabi/6.2.1/../../../../arm-none-eabi/lib/thumb/v7e-m\libc_nano.a(lib_a-errno.o)
 .debug_frame   0x00000f14       0x2c c:/program files (x86)/atmel/studio/7.0/toolchain/arm/arm-gnu-toolchain/bin/../lib/gcc/arm-none-eabi/6.2.1/../../../../arm-none-eabi/lib/thumb/v7e-m\libc_nano.a(lib_a-init.o)
 .debug_frame   0x00000f40       0x20 c:/program files (x86)/atmel/studio/7.0/toolchain/arm/arm-gnu-toolchain/bin/../lib/gcc/arm-none-eabi/6.2.1/../../../../arm-none-eabi/lib/thumb/v7e-m\libc_nano.a(lib_a-memset.o)
 .debug_frame   0x00000f60      0x11c c:/program files (x86)/atmel/studio/7.0/toolchain/arm/arm-gnu-toolchain/bin/../lib/gcc/arm-none-eabi/6.2.1/../../../../arm-none-eabi/lib/thumb/v7e-m\libc_nano.a(lib_a-findfp.o)
